// Jest Snapshot v1, https://goo.gl/fbAQLP

exports[`<PostCard /> Should match snapshot 1`] = `
<div
  class="post"
>
  <img
    alt="Voluptate labore quod suscipit pariatur sequi soluta doloribus."
    src="https://loremflickr.com/640/480?lock=6662456810143744"
  />
  <div
    class="post-content"
  >
    <h3>
      Voluptate labore quod suscipit pariatur sequi soluta doloribus.
    </h3>
    <h5>
      Nemo porro suscipit velit asperiores nemo velit voluptates officia repellat. Exercitationem quidem alias. Tempora quidem distinctio itaque.
    </h5>
  </div>
</div>
`;
